Пользователь
    Вход пользователя
        Вход через MGLogin
        Вход через почту и пароль
    Регистрация пользователя
        Подставление данных из MGLogin
        Добавление в таблицу пользователей записи с данными Ника, Почты, Сервера (выпадающий список) Банка (выпадающий список, фильтр по сервру), Города, Корды X и Y, Улица (если есть) и Номер дома (если есть).
    Запись в банк
        Добавление в таблицу записей в банк записи с данными Банк (автоматически из профиля), Сервер (автоматически из профиля), Дата, Время. 
            Если всё правильно, то подтверждение модалкой
    Перевод
        Перевод со счета, выбраного пользователем, с суммой, выбраной пользователем, на ник получателя или названия организации с коментарием.
            Если всё правильно, то подтверждение модалкой
    Счета
        Изменение названия счета на написаное название пользователем в соотвествующем поле. (личный или организация все равно)
            Если всё правильно, то подтверждение модалкой
        Удаление счета. При удалении баланс переводится на счет с 1 id для пользователя. Если 1 счет, то ошибка: выведите деньги со счета. (личный или организация все равно)
            Подтверждение модалкой.
        Редактирование доступа. при добавлении ника пользователя в соотвествуюшщию строчку, то у пользователя во вкладке "счета" появится соотвествуюшщий счёт. (счет организации)
            Подтверждение модалкой.
        Создание счета
            Добавление в таблицу счетов записи с данными: Названием, ID (ID прошлого счета +1), Никами получателей дступа (если счет организации).
                Подтверждение модалкой
    Перевод в другой сервер
        Добавление в таблицу переводов в другой севрер записи с данными: С какого счета, сумма, Ник получателя, Сервер получателя, Коментарий.
    Открытие своего банка
        Добавление в таблицу откытия сервера записи с данными: Название, Валюта, Коментарий, Сервер (из профиля), Ник (из профиля).
            Подтверждение модалкой.

Банк
    Вход банка
        Вход через MGLogin
        Вход через почту и пароль
    Баланс хранилища - сумма балансов всех счетов.
    Таблица записей в банк - сюда выводятся записи из таблици записей в банк, фильтрацией по банку
    Пыстрое пополнение - добовление к балансу пользователя, ник которого указан в соответсвующей строке, и сервер из профиля банка