Пользователь
┣━ Вход
   ┗━ Вход через MGLogin
┣━ Регистрация
   ┗━ Регистрация через MGLogin
┣━ Главная
   ┣━ Баланс с карт
   ┣━ Неоплаченые счета
   ┗━ Последние переводы (5 штук (Дима гей))
┣━ Профиль
   ┣━ Настройки пользователя
   ┃  ┣━ Ник (отключено)
   ┃  ┣━ Электронная почта (отключено)
   ┃  ┣━ Банк (отключено)
   ┃  ┗━ Сервер (отключено)
   ┗━ Место проживания
      ┣━ Город
      ┣━ Корда X
      ┣━ Корда Y
      ┣━ Улица (если есть)
      ┗━ Номер дома (если есть) 
┣━ История переводов
┣━ Перевод
   ┣━ С какого счета
   ┣━ Сумма
   ┣━ Ник получателя или организации
   ┗━ Коментарий
┣━ Счета
   ┣━ Список счетов
   ┃  ┣━ Редактирование личного счета
   ┃  ┃  ┣━ Изменение названия
   ┃  ┃  ┗━ Удалить
   ┃  ┣━ Редактирование счета компании
   ┃  ┃  ┣━ Изменение названия
   ┃  ┃  ┣━ Редактирование доступа
   ┃  ┃  ┗━ Удалить
   ┗━ Создать счет
      ┣━ Для себя
      ┃  ┗━ Название счета
      ┗━ Для организации
         ┣━ Название счета
         ┗━ Ники получателей доступа
┣━ Пополнить счет
   ┣━ На вашем сервере
   ┃  ┗━ Таблица банков
   ┗━ На чужом сервере
      ┣━ В вашей валюте
      ┃  ┗━ Таблица банков
      ┗━ В чужой валюте
         ┗━ Таблица банков - обменников
┣━ Перевести в другой сервер
   ┣━ С какого счета
   ┣━ Сумма
   ┣━ Ник получателя
   ┣━ Сервер получателя
   ┗━ Коментарий
┗━ Открыть свой банк
   ┣━ Название
   ┣━ Валюта
   ┗━ Коментарий

Банк
┣━ Вход
   ┗━ Вход через MGLogin
┣━ Главная
   ┣━ Баланс в хранилище
   ┣━ Неоплаченые счета (потом)
   ┣━ Таблица записей в банк
   ┗━ Быстрое пополнение
┣━ Банк
   ┣━ Настройки банка
   ┃  ┣━ Название
   ┃  ┣━ Электронная почта (отключено)
   ┃  ┣━ Валюта
   ┃  ┗━ Сервер (отключено)
   ┗━ Место располажения
      ┣━ Город
      ┣━ Корда X
      ┣━ Корда Y
      ┣━ Улица (если есть)
      ┗━ Номер дома (если есть) 
┣━ Пополнение пользователя
   ┣━ С какого счета
   ┣━ Сумма
   ┣━ Ник получателя или организации или банка
   ┗━ Коментарий
┣━ Счета
   ┣━ Список счетов
   ┃  ┣━ Счета пользователей
   ┃  ┣━ Казна банка 
   ┃  ┗━ Казна кредитов 
   ┣━ Редактирование счета
   ┃     ┣━ Изменение названия
   ┃     ┗━ Удалить
   ┗━ Создать счет
      ┗━ Название счета
┣━ Пополнить счёт
   ┣━ Название счёта
   ┗━ Сумма
