Пользователь
┣━ Вход
┃  ┗━ Вход через MGLogin
┣━ Регистрация
┃  ┗━ Регистрация через MGLogin
┣━ Главная
┃  ┣━ Баланс с 3 счетов
┃  ┣━ Неоплаченые счета
┃  ┣━ Запись в банк
┃  ┗━ Быстрый перевод
┣━ Профиль
┃  ┣━ Настройки пользователя
┃  ┃  ┣━ Ник (отключено)
┃  ┃  ┣━ Электронная почта (отключено)
┃  ┃  ┣━ Банк (отключено)
┃  ┃  ┗━ Сервер (отключено)
┃  ┗━ Место проживания
┃     ┣━ Город
┃     ┣━ Корда X
┃     ┣━ Корда Y
┃     ┣━ Улица (если есть)
┃     ┗━ Номер дома (если есть) 
┣━ История переводов
┣━ Перевод
┃  ┣━ С какого счета
┃  ┣━ Сумма
┃  ┣━ Ник получателя или организации
┃  ┗━ Коментарий
┣━ Счета
┃  ┣━ Список счетов
┃  ┃  ┣━ Редактирование личного счета
┃  ┃  ┃  ┣━ Изменение названия
┃  ┃  ┃  ┗━ Удалить
┃  ┃  ┣━ Редактирование счета компании
┃  ┃  ┃  ┣━ Изменение названия
┃  ┃  ┃  ┣━ Редактирование доступа
┃  ┃  ┃  ┗━ Удалить
┃  ┗━ Создать счет
┃     ┣━ Для себя
┃     ┃  ┗━ Название счета
┃     ┗━ Для организации
┃        ┣━ Название счета
┃        ┗━ Ники получателей доступа
┣━ Пополнить счет
┃  ┣━ На вашем сервере
┃  ┃  ┗━ Таблица банков
┃  ┗━ На чужом сервере
┃     ┣━ В вашей валюте
┃     ┃  ┗━ Таблица банков
┃     ┗━ В чужой валюте
┃        ┗━ Таблица банков - обменников
┣━ Перевести в другой сервер
┃  ┣━ С какого счета
┃  ┣━ Сумма
┃  ┣━ Ник получателя
┃  ┣━ Сервер получателя
┃  ┗━ Коментарий
┗━ Открыть свой банк
   ┣━ Название
   ┣━ Валюта
   ┗━ Коментарий

